<html>
<body>
<pre>
<h1>礦ision Build Log</h1>
<h2>Tool Versions:</h2>
IDE-Version: μVision V5.21.1.0
Copyright (C) 2016 ARM Ltd and ARM Germany GmbH. All rights reserved.
License Information: 1 1, 1, LIC=AK1VE-5FSU8-VGA7J-U4SNW-NZ0P4-E0WSD
 
Tool Versions:
Toolchain:       MDK-ARM Professional  Version: 5.21a
Toolchain Path:  C:\Keil_v5\ARM\ARMCC\Bin
C Compiler:      Armcc.exe V5.06 update 3 (build 300)
Assembler:       Armasm.exe V5.06 update 3 (build 300)
Linker/Locator:  ArmLink.exe V5.06 update 3 (build 300)
Library Manager: ArmAr.exe V5.06 update 3 (build 300)
Hex Converter:   FromElf.exe V5.06 update 3 (build 300)
CPU DLL:         SARMCM3.DLL V5.21a
Dialog DLL:      DCM.DLL V1.13.8.0
Target DLL:      STLink\ST-LINKIII-KEIL_SWO.dll V2.0.18.0
Dialog DLL:      TCM.DLL V1.14.14.0
 
<h2>Project:</h2>
C:\Users\admin\Desktop\新建文件夹 (3)\QDtech_1.44串口模块_ST7735_Rev1.1\STM32 SPI综合测试代码\QDtech_TFT.uvprojx
Project File Date:  08/11/2020

<h2>Output:</h2>
*** Using Compiler 'V5.06 update 3 (build 300)', folder: 'C:\Keil_v5\ARM\ARMCC\Bin'
Build target 'Target 1'
compiling main.c...
.\app\DTH11.h(38): warning:  #1-D: last line of file ends without a newline
  #endif
.\app\usart\usart.h(14): warning:  #1-D: last line of file ends without a newline
  #endif
user\main.c(61): warning:  #223-D: function "printf" declared implicitly
  			printf("{\"h\":\"%d\",\"t\":\"%d\"} ",DHT11_Data.humi_int,DHT11_Data.temp_int);
user\main.c(73): warning:  #223-D: function "printf" declared implicitly
  		printf("%f\n",val);
user\main.c(74): warning:  #223-D: function "sprintf" declared implicitly
  		sprintf(buf,"co: %0.3f  \n",val);
user\main.c(75): warning:  #167-D: argument of type "char *" is incompatible with parameter of type "u8 *"
  		Gui_DrawFont_GBK16(0,30,
LUE,
ELLOW,buf);
user\main.c(47): warning:  #177-D: variable "i" was declared but never referenced
  	int i = 0;
user\main.c: 7 warnings, 0 errors
linking...
Program Size: Code=13184 RO-data=7496 RW-data=36 ZI-data=516  
FromELF: creating hex file...
".\Obj\STM32-FD-FLASHLED.axf" - 0 Error(s), 7 Warning(s).

<h2>Collection of Component include folders:</h2>
  C:\Users\admin\Desktop\新建文件夹 (3)\QDtech_1.44串口模块_ST7735_Rev1.1\STM32 SPI综合测试代码\RTE
  D:\soft_install\keil\Keil\STM32F1xx_DFP\2.3.0\Device\Include

<h2>Collection of Component Files used:</h2>
Build Time Elapsed:  00:00:02
</pre>
</body>
</html>
